// Jest Snapshot v1, https://goo.gl/fbAQLP

exports[`App component should render correctly 1`] = `
<div
  className="App-root-1"
>
  <private-route
    component="albums"
    computedMatch={
      Object {
        "isExact": true,
        "params": Object {},
        "path": "/albums",
        "url": "/albums",
      }
    }
    exact={true}
    location={
      Object {
        "hash": "",
        "key": "oamrok",
        "pathname": "/albums",
        "search": "",
        "state": undefined,
      }
    }
    path="/albums"
  />
</div>
`;
